******************************************************************************
                  TI ARM Linker PC v20.2.5                     
******************************************************************************
>> Linked Sat May  7 20:19:53 2022

OUTPUT FILE NAME:   <cmsis_msp432e4_dsp_example_MSP_EXP432E401Y_nortos_ccs.out>
ENTRY POINT SYMBOL: "_c_int00_noargs"  address: 00002951


MEMORY CONFIGURATION

         name            origin    length      used     unused   attr    fill
----------------------  --------  ---------  --------  --------  ----  --------
  FLASH                 00000000   00100000  000043a8  000fbc58  R  X
  SRAM                  20000000   00040000  0000471c  0003b8e4  RW X


SEGMENT ALLOCATION MAP

run origin  load origin   length   init length attrs members
----------  ----------- ---------- ----------- ----- -------
00000000    00000000    000043a8   000043a8    r-x
  00000000    00000000    00000208   00000208    r-- .intvecs
  00000208    00000208    00002940   00002940    r-x .text
  00002b48    00002b48    00001750   00001750    r-- .const
  00004298    00004298    00000110   00000110    r-- .cinit
20000000    20000000    00004720   00000000    rw-
  20000000    20000000    0000440c   00000000    rw- .bss
  20004410    20004410    00000200   00000000    rw- .stack
  20004610    20004610    00000110   00000000    rw- .data


SECTION ALLOCATION MAP

 output                                  attributes/
section   page    origin      length       input sections
--------  ----  ----------  ----------   ----------------
.intvecs   0    00000000    00000208     
                  00000000    00000208     startup_msp432e401y_ccs.obj (.intvecs:retain)

.text      0    00000208    00002940     
                  00000208    0000079c     cmsis_msp432e4_dsp_example.obj (.text:main)
                  000009a4    000004b6     arm_cortexM4lf_math.a : arm_cfft_radix4_q15.o (.text:arm_radix4_butterfly_inverse_q15)
                  00000e5a    00000002     startup_msp432e401y_ccs.obj (.text:Default_Handler)
                  00000e5c    000004b6     arm_cortexM4lf_math.a : arm_cfft_radix4_q15.o (.text:arm_radix4_butterfly_q15)
                  00001312    00000002     rtsv7M4_T_le_v4SPD16_eabi.lib : div0.asm.obj (.text)
                  00001314    0000030c     uartstdio.obj (.text:UARTvprintf)
                  00001620    000002e0     msp432e4_driverlib.a : sysctl.o (.text:SysCtlClockFreqSet)
                  00001900    000001c0     arm_cortexM4lf_math.a : arm_sqrt_q15.o (.text:arm_sqrt_q15)
                  00001ac0    000001b6     rtsv7M4_T_le_v4SPD16_eabi.lib : fd_add_t2.asm.obj (.text)
                  00001c76    00000002     --HOLE-- [fill = 0]
                  00001c78    00000190     arm_cortexM4lf_math.a : arm_cfft_q15.o (.text:arm_cfft_radix4by2_inverse_q15)
                  00001e08    00000190                           : arm_cfft_q15.o (.text:arm_cfft_radix4by2_q15)
                  00001f98    000000fc     rtsv7M4_T_le_v4SPD16_eabi.lib : fd_mul_t2.asm.obj (.text)
                  00002094    000000ee     msp432e4_driverlib.a : adc.o (.text:ADCSequenceStepConfigure)
                  00002182    000000e8     arm_cortexM4lf_math.a : arm_cfft_q15.o (.text:arm_cfft_q15)
                  0000226a    000000c0                           : arm_bitreversal2.o (.text)
                  0000232a    0000009c     rtsv7M4_T_le_v4SPD16_eabi.lib : memcpy_t2.asm.obj (.text)
                  000023c6    00000002     --HOLE-- [fill = 0]
                  000023c8    00000090     msp432e4_driverlib.a : sysctl.o (.text:_SysCtlFrequencyGet)
                  00002458    00000084     cmsis_msp432e4_dsp_example.obj (.text:ADC0SS2_IRQHandler)
                  000024dc    0000007a     rtsv7M4_T_le_v4SPD16_eabi.lib : memset_t2.asm.obj (.text)
                  00002556    00000002     --HOLE-- [fill = 0]
                  00002558    00000074     uartstdio.obj (.text:UARTStdioConfig)
                  000025cc    0000006c     arm_cortexM4lf_math.a : arm_max_q15.o (.text:arm_max_q15)
                  00002638    00000068     cmsis_msp432e4_dsp_example.obj (.text:ConfigureUART)
                  000026a0    00000068     rtsv7M4_T_le_v4SPD16_eabi.lib : copy_decompress_lzss.c.obj (.text:decompress:lzss:__TI_decompress_lzss)
                  00002708    00000060     msp432e4_driverlib.a : timer.o (.text:TimerControlTrigger)
                  00002768    0000005c     uartstdio.obj (.text:UARTwrite)
                  000027c4    00000048     rtsv7M4_T_le_v4SPD16_eabi.lib : fd_toi_t2.asm.obj (.text)
                  0000280c    00000044     msp432e4_driverlib.a : sysctl.o (.text:_SysCtlMemTimingGet)
                  00002850    00000044     rtsv7M4_T_le_v4SPD16_eabi.lib : autoinit.c.obj (.text:__TI_auto_init_nobinit_nopinit:__TI_auto_init_nobinit_nopinit)
                  00002894    00000044     arm_cortexM4lf_math.a : arm_cmplx_mag_q15.o (.text:arm_cmplx_mag_q15)
                  000028d8    00000040     rtsv7M4_T_le_v4SPD16_eabi.lib : u_divt2.asm.obj (.text)
                  00002918    00000038     cmsis_msp432e4_dsp_example.obj (.text:arm_sqrt_f32)
                  00002950    00000034     rtsv7M4_T_le_v4SPD16_eabi.lib : boot_cortex_m.c.obj (.text:_c_int00_noargs:_c_int00_noargs)
                  00002984    0000002e                                   : i_tofd_t2.asm.obj (.text)
                  000029b2    00000002     --HOLE-- [fill = 0]
                  000029b4    00000028                                   : e_sqrtf.c.obj (.text:sqrtf)
                  000029dc    00000024     uartstdio.obj (.text:UARTprintf)
                  00002a00    00000022     arm_cortexM4lf_math.a : arm_cfft_q15.o (.text:write_q15x2_ia)
                  00002a22    00000022                           : arm_cfft_radix4_q15.o (.text:write_q15x2_ia)
                  00002a44    00000020     system_msp432e401y.obj (.text:SystemInit)
                  00002a64    0000001e     arm_cortexM4lf_math.a : arm_cfft_q15.o (.text:read_q15x2_ia)
                  00002a82    0000001e                           : arm_cfft_radix4_q15.o (.text:read_q15x2_ia)
                  00002aa0    0000001e                           : arm_cmplx_mag_q15.o (.text:read_q15x2_ia)
                  00002abe    00000018                           : arm_cfft_radix4_q15.o (.text:write_q15x2)
                  00002ad6    00000014                           : arm_cfft_q15.o (.text:read_q15x2)
                  00002aea    00000014                           : arm_cfft_radix4_q15.o (.text:read_q15x2)
                  00002afe    00000012     msp432e4_driverlib.a : adc.o (.text:ADCIntClearEx)
                  00002b10    0000000e     rtsv7M4_T_le_v4SPD16_eabi.lib : copy_decompress_none.c.obj (.text:decompress:none:__TI_decompress_none)
                  00002b1e    0000000c     startup_msp432e401y_ccs.obj (.text:Reset_Handler)
                  00002b2a    0000000c     rtsv7M4_T_le_v4SPD16_eabi.lib : copy_zero_init.c.obj (.text:decompress:ZI:__TI_zero_init)
                  00002b36    00000002     --HOLE-- [fill = 0]
                  00002b38    00000008                                   : errno.c.obj (.text:__aeabi_errno_addr)
                  00002b40    00000004                                   : pre_init.c.obj (.text:_system_pre_init)
                  00002b44    00000004                                   : exit.c.obj (.text:abort:abort)

.const     0    00002b48    00001750     
                  00002b48    00000c00     arm_cortexM4lf_math.a : arm_common_tables.o (.const:twiddleCoef_1024_q15)
                  00003748    000007c0                           : arm_common_tables.o (.const:armBitRevIndexTable_fixed_1024)
                  00003f08    000001b0     msp432e4_driverlib.a : sysctl.o (.const:g_pppui32XTALtoVCO)
                  000040b8    000000c0     arm_cortexM4lf_math.a : arm_common_tables.o (.const:twiddleCoef_64_q15)
                  00004178    00000070                           : arm_common_tables.o (.const:armBitRevIndexTable_fixed_64)
                  000041e8    00000030     msp432e4_driverlib.a : sysctl.o (.const:g_sXTALtoMEMTIM)
                  00004218    00000028                          : sysctl.o (.const:g_pui32Xtals)
                  00004240    00000012     uartstdio.obj (.const:.string)
                  00004252    00000002     --HOLE-- [fill = 0]
                  00004254    00000010     arm_cortexM4lf_math.a : arm_const_structs.o (.const:arm_cfft_sR_q15_len1024)
                  00004264    00000010                           : arm_const_structs.o (.const:arm_cfft_sR_q15_len64)
                  00004274    0000000c     uartstdio.obj (.const:g_ui32UARTBase)
                  00004280    0000000c     uartstdio.obj (.const:g_ui32UARTPeriph)
                  0000428c    00000008     msp432e4_driverlib.a : sysctl.o (.const:g_pui32VCOFrequencies)
                  00004294    00000004     uartstdio.obj (.const)

.cinit     0    00004298    00000110     
                  00004298    000000e6     (.cinit..data.load) [load image, compression = lzss]
                  0000437e    00000002     --HOLE-- [fill = 0]
                  00004380    0000000c     (__TI_handler_table)
                  0000438c    00000004     --HOLE-- [fill = 0]
                  00004390    00000008     (.cinit..bss.load) [load image, compression = zero_init]
                  00004398    00000010     (__TI_cinit_table)

.init_array 
*          0    00000000    00000000     UNINITIALIZED

.bss       0    20000000    0000440c     UNINITIALIZED
                  20000000    00001000     cmsis_msp432e4_dsp_example.obj (.bss:dstBufferA)
                  20001000    00001000     cmsis_msp432e4_dsp_example.obj (.bss:dstBufferB)
                  20002000    00001000     (.common:bbxOutput)
                  20003000    00001000     (.common:fftOutput)
                  20004000    00000400     (.common:pui8ControlTable)
                  20004400    00000004     (.common:dcBuff)
                  20004404    00000004     (.common:rmsBuff)
                  20004408    00000004     (.common:rmsCalculation)

.data      0    20004610    00000110     UNINITIALIZED
                  20004610    00000100     cmsis_msp432e4_dsp_example.obj (.data:bbxBuffer)
                  20004710    00000005     uartstdio.obj (.data)
                  20004715    00000002     cmsis_msp432e4_dsp_example.obj (.data)
                  20004717    00000001     --HOLE--
                  20004718    00000004     rtsv7M4_T_le_v4SPD16_eabi.lib : errno.c.obj (.data)
                  2000471c    00000004     system_msp432e401y.obj (.data)

.stack     0    20004410    00000200     UNINITIALIZED
                  20004410    00000004     rtsv7M4_T_le_v4SPD16_eabi.lib : boot_cortex_m.c.obj (.stack)
                  20004414    000001fc     --HOLE--

__llvm_prf_cnts 
*          0    20000000    00000000     UNINITIALIZED

MODULE SUMMARY

       Module                           code    ro data   rw data
       ------                           ----    -------   -------
    .\
       cmsis_msp432e4_dsp_example.obj   2240    0         17678  
       uartstdio.obj                    1024    46        5      
       system_msp432e401y.obj           32      0         4      
    +--+--------------------------------+-------+---------+---------+
       Total:                           3296    46        17687  
                                                                 
    .\ccs\
       startup_msp432e401y_ccs.obj      14      520       0      
    +--+--------------------------------+-------+---------+---------+
       Total:                           14      520       0      
                                                                 
    C:/ti/simplelink_msp432e4_sdk_4_20_00_12/source/third_party/CMSIS/DSP_Lib/lib/ccs/m4f/arm_cortexM4lf_math.a
       arm_common_tables.o              0       5360      0      
       arm_cfft_radix4_q15.o            2520    0         0      
       arm_cfft_q15.o                   1116    0         0      
       arm_sqrt_q15.o                   448     0         0      
       arm_bitreversal2.o               192     0         0      
       arm_max_q15.o                    108     0         0      
       arm_cmplx_mag_q15.o              98      0         0      
       arm_const_structs.o              0       32        0      
    +--+--------------------------------+-------+---------+---------+
       Total:                           4482    5392      0      
                                                                 
    C:/ti/simplelink_msp432e4_sdk_4_20_00_12/source/ti/devices/msp432e4/driverlib/lib/ccs/m4f/msp432e4_driverlib.a
       sysctl.o                         948     528       0      
       adc.o                            256     0         0      
       timer.o                          96      0         0      
    +--+--------------------------------+-------+---------+---------+
       Total:                           1300    528       0      
                                                                 
    C:\ti\ccs1100\ccs\tools\compiler\ti-cgt-arm_20.2.5.LTS\lib\rtsv7M4_T_le_v4SPD16_eabi.lib
       fd_add_t2.asm.obj                438     0         0      
       fd_mul_t2.asm.obj                252     0         0      
       memcpy_t2.asm.obj                156     0         0      
       memset_t2.asm.obj                122     0         0      
       copy_decompress_lzss.c.obj       104     0         0      
       fd_toi_t2.asm.obj                72      0         0      
       autoinit.c.obj                   68      0         0      
       u_divt2.asm.obj                  64      0         0      
       boot_cortex_m.c.obj              52      0         0      
       i_tofd_t2.asm.obj                46      0         0      
       e_sqrtf.c.obj                    40      0         0      
       copy_decompress_none.c.obj       14      0         0      
       copy_zero_init.c.obj             12      0         0      
       errno.c.obj                      8       0         4      
       exit.c.obj                       4       0         0      
       pre_init.c.obj                   4       0         0      
       div0.asm.obj                     2       0         0      
    +--+--------------------------------+-------+---------+---------+
       Total:                           1458    0         4      
                                                                 
       Stack:                           0       0         512    
       Linker Generated:                0       266       0      
    +--+--------------------------------+-------+---------+---------+
       Grand Total:                     10550   6752      18203  


LINKER GENERATED COPY TABLES

__TI_cinit_table @ 00004398 records: 2, size/record: 8, table size: 16
	.data: load addr=00004298, load size=000000e6 bytes, run addr=20004610, run size=00000110 bytes, compression=lzss
	.bss: load addr=00004390, load size=00000008 bytes, run addr=20000000, run size=0000440c bytes, compression=zero_init


LINKER GENERATED HANDLER TABLE

__TI_handler_table @ 00004380 records: 3, size/record: 4, table size: 12
	index: 0, handler: __TI_decompress_lzss
	index: 1, handler: __TI_decompress_none
	index: 2, handler: __TI_zero_init


GLOBAL SYMBOLS: SORTED ALPHABETICALLY BY Name 

address   name                            
-------   ----                            
00000e5b  ADC0SS0_IRQHandler              
00000e5b  ADC0SS1_IRQHandler              
00002459  ADC0SS2_IRQHandler              
00002459  ADC0SS2_IRQHandler              
00000e5b  ADC0SS3_IRQHandler              
00000e5b  ADC1SS0_IRQHandler              
00000e5b  ADC1SS1_IRQHandler              
00000e5b  ADC1SS2_IRQHandler              
00000e5b  ADC1SS3_IRQHandler              
00002aff  ADCIntClearEx                   
00002095  ADCSequenceStepConfigure        
00000e5b  AES0_IRQHandler                 
00000e5b  BusFault_Handler                
00002b45  C$$EXIT                         
00000e5b  CAN0_IRQHandler                 
00000e5b  CAN1_IRQHandler                 
00000e5b  COMP0_IRQHandler                
00000e5b  COMP1_IRQHandler                
00000e5b  COMP2_IRQHandler                
00002639  ConfigureUART                   
00000e5b  DES0_IRQHandler                 
00000e5b  DebugMon_Handler                
00000e5b  Default_Handler                 
00000e5b  EMAC0_IRQHandler                
00000e5b  EPI0_IRQHandler                 
00000e5b  FLASH_IRQHandler                
00000e5b  GPIOA_IRQHandler                
00000e5b  GPIOB_IRQHandler                
00000e5b  GPIOC_IRQHandler                
00000e5b  GPIOD_IRQHandler                
00000e5b  GPIOE_IRQHandler                
00000e5b  GPIOF_IRQHandler                
00000e5b  GPIOG_IRQHandler                
00000e5b  GPIOH_IRQHandler                
00000e5b  GPIOJ_IRQHandler                
00000e5b  GPIOK_IRQHandler                
00000e5b  GPIOL_IRQHandler                
00000e5b  GPIOM_IRQHandler                
00000e5b  GPION_IRQHandler                
00000e5b  GPIOP0_IRQHandler               
00000e5b  GPIOP1_IRQHandler               
00000e5b  GPIOP2_IRQHandler               
00000e5b  GPIOP3_IRQHandler               
00000e5b  GPIOP4_IRQHandler               
00000e5b  GPIOP5_IRQHandler               
00000e5b  GPIOP6_IRQHandler               
00000e5b  GPIOP7_IRQHandler               
00000e5b  GPIOQ0_IRQHandler               
00000e5b  GPIOQ1_IRQHandler               
00000e5b  GPIOQ2_IRQHandler               
00000e5b  GPIOQ3_IRQHandler               
00000e5b  GPIOQ4_IRQHandler               
00000e5b  GPIOQ5_IRQHandler               
00000e5b  GPIOQ6_IRQHandler               
00000e5b  GPIOQ7_IRQHandler               
00000e5b  HIBERNATE_IRQHandler            
00000e5b  HardFault_Handler               
00000e5b  I2C0_IRQHandler                 
00000e5b  I2C1_IRQHandler                 
00000e5b  I2C2_IRQHandler                 
00000e5b  I2C3_IRQHandler                 
00000e5b  I2C4_IRQHandler                 
00000e5b  I2C5_IRQHandler                 
00000e5b  I2C6_IRQHandler                 
00000e5b  I2C7_IRQHandler                 
00000e5b  I2C8_IRQHandler                 
00000e5b  I2C9_IRQHandler                 
00000e5b  MemManage_Handler               
00000e5b  NMI_Handler                     
00000e5b  PWM0_0_IRQHandler               
00000e5b  PWM0_1_IRQHandler               
00000e5b  PWM0_2_IRQHandler               
00000e5b  PWM0_3_IRQHandler               
00000e5b  PWM0_FAULT_IRQHandler           
00000e5b  PendSV_Handler                  
00000e5b  QEI0_IRQHandler                 
00002b1f  Reset_Handler                   
00000e5b  SHA0_IRQHandler                 
00000e5b  SSI0_IRQHandler                 
00000e5b  SSI1_IRQHandler                 
00000e5b  SSI2_IRQHandler                 
00000e5b  SSI3_IRQHandler                 
00000e5b  SVC_Handler                     
00000e5b  SYSCTL_IRQHandler               
00000e5b  SYSEXC_IRQHandler               
00001621  SysCtlClockFreqSet              
00000e5b  SysTick_Handler                 
2000471c  SystemCoreClock                 
00002a45  SystemInit                      
00000e5b  TAMPER0_IRQHandler              
00000e5b  TIMER0A_IRQHandler              
00000e5b  TIMER0B_IRQHandler              
00000e5b  TIMER1A_IRQHandler              
00000e5b  TIMER1B_IRQHandler              
00000e5b  TIMER2A_IRQHandler              
00000e5b  TIMER2B_IRQHandler              
00000e5b  TIMER3A_IRQHandler              
00000e5b  TIMER3B_IRQHandler              
00000e5b  TIMER4A_IRQHandler              
00000e5b  TIMER4B_IRQHandler              
00000e5b  TIMER5A_IRQHandler              
00000e5b  TIMER5B_IRQHandler              
00000e5b  TIMER6A_IRQHandler              
00000e5b  TIMER6B_IRQHandler              
00000e5b  TIMER7A_IRQHandler              
00000e5b  TIMER7B_IRQHandler              
00002709  TimerControlTrigger             
00000e5b  UART0_IRQHandler                
00000e5b  UART1_IRQHandler                
00000e5b  UART2_IRQHandler                
00000e5b  UART3_IRQHandler                
00000e5b  UART4_IRQHandler                
00000e5b  UART5_IRQHandler                
00000e5b  UART6_IRQHandler                
00000e5b  UART7_IRQHandler                
00002559  UARTStdioConfig                 
000029dd  UARTprintf                      
00001315  UARTvprintf                     
00002769  UARTwrite                       
00000e5b  UDMAERR_IRQHandler              
00000e5b  UDMA_IRQHandler                 
00000e5b  USB0_IRQHandler                 
00000e5b  UsageFault_Handler              
00000e5b  WATCHDOG_IRQHandler             
20004610  __STACK_END                     
00000200  __STACK_SIZE                    
20004610  __STACK_TOP                     
00004398  __TI_CINIT_Base                 
000043a8  __TI_CINIT_Limit                
00004380  __TI_Handler_Table_Base         
0000438c  __TI_Handler_Table_Limit        
00002851  __TI_auto_init_nobinit_nopinit  
000026a1  __TI_decompress_lzss            
00002b11  __TI_decompress_none            
ffffffff  __TI_pprof_out_hndl             
ffffffff  __TI_prof_data_size             
ffffffff  __TI_prof_data_start            
00000000  __TI_static_base__              
00002b2b  __TI_zero_init                  
000027c5  __aeabi_d2iz                    
00001acb  __aeabi_dadd                    
00001f99  __aeabi_dmul                    
00001ac1  __aeabi_dsub                    
00002b39  __aeabi_errno_addr              
00002985  __aeabi_i2d                     
00001313  __aeabi_idiv0                   
00001313  __aeabi_ldiv0                   
000024dd  __aeabi_memclr                  
000024dd  __aeabi_memclr4                 
000024dd  __aeabi_memclr8                 
0000232b  __aeabi_memcpy                  
0000232b  __aeabi_memcpy4                 
0000232b  __aeabi_memcpy8                 
000024df  __aeabi_memset                  
000024df  __aeabi_memset4                 
000024df  __aeabi_memset8                 
000028d9  __aeabi_uidiv                   
000028d9  __aeabi_uidivmod                
ffffffff  __binit__                       
ffffffff  __c_args__                      
UNDEFED   __mpu_init                      
20004410  __stack                         
20000000  __start___llvm_prf_cnts         
20000000  __stop___llvm_prf_cnts          
00002951  _c_int00_noargs                 
UNDEFED   _system_post_cinit              
00002b41  _system_pre_init                
00002b45  abort                           
00003748  armBitRevIndexTable_fixed_1024  
00004178  armBitRevIndexTable_fixed_64    
000022d5  arm_bitreversal_16              
0000226b  arm_bitreversal_32              
00002183  arm_cfft_q15                    
00001c79  arm_cfft_radix4by2_inverse_q15  
00001e09  arm_cfft_radix4by2_q15          
00004254  arm_cfft_sR_q15_len1024         
00004264  arm_cfft_sR_q15_len64           
00002895  arm_cmplx_mag_q15               
000025cd  arm_max_q15                     
000009a5  arm_radix4_butterfly_inverse_q15
00000e5d  arm_radix4_butterfly_q15        
00001901  arm_sqrt_q15                    
20002000  bbxOutput                       
ffffffff  binit                           
20004400  dcBuff                          
20004718  errno                           
20003000  fftOutput                       
00000000  interruptVectors                
00000209  main                            
0000232b  memcpy                          
000024e5  memset                          
20004000  pui8ControlTable                
20004404  rmsBuff                         
20004408  rmsCalculation                  
20004715  setBufAReady                    
20004716  setBufBReady                    
000029b5  sqrtf                           
00002b48  twiddleCoef_1024_q15            
000040b8  twiddleCoef_64_q15              


GLOBAL SYMBOLS: SORTED BY Symbol Address 

address   name                            
-------   ----                            
00000000  __TI_static_base__              
00000000  interruptVectors                
00000200  __STACK_SIZE                    
00000209  main                            
000009a5  arm_radix4_butterfly_inverse_q15
00000e5b  ADC0SS0_IRQHandler              
00000e5b  ADC0SS1_IRQHandler              
00000e5b  ADC0SS3_IRQHandler              
00000e5b  ADC1SS0_IRQHandler              
00000e5b  ADC1SS1_IRQHandler              
00000e5b  ADC1SS2_IRQHandler              
00000e5b  ADC1SS3_IRQHandler              
00000e5b  AES0_IRQHandler                 
00000e5b  BusFault_Handler                
00000e5b  CAN0_IRQHandler                 
00000e5b  CAN1_IRQHandler                 
00000e5b  COMP0_IRQHandler                
00000e5b  COMP1_IRQHandler                
00000e5b  COMP2_IRQHandler                
00000e5b  DES0_IRQHandler                 
00000e5b  DebugMon_Handler                
00000e5b  Default_Handler                 
00000e5b  EMAC0_IRQHandler                
00000e5b  EPI0_IRQHandler                 
00000e5b  FLASH_IRQHandler                
00000e5b  GPIOA_IRQHandler                
00000e5b  GPIOB_IRQHandler                
00000e5b  GPIOC_IRQHandler                
00000e5b  GPIOD_IRQHandler                
00000e5b  GPIOE_IRQHandler                
00000e5b  GPIOF_IRQHandler                
00000e5b  GPIOG_IRQHandler                
00000e5b  GPIOH_IRQHandler                
00000e5b  GPIOJ_IRQHandler                
00000e5b  GPIOK_IRQHandler                
00000e5b  GPIOL_IRQHandler                
00000e5b  GPIOM_IRQHandler                
00000e5b  GPION_IRQHandler                
00000e5b  GPIOP0_IRQHandler               
00000e5b  GPIOP1_IRQHandler               
00000e5b  GPIOP2_IRQHandler               
00000e5b  GPIOP3_IRQHandler               
00000e5b  GPIOP4_IRQHandler               
00000e5b  GPIOP5_IRQHandler               
00000e5b  GPIOP6_IRQHandler               
00000e5b  GPIOP7_IRQHandler               
00000e5b  GPIOQ0_IRQHandler               
00000e5b  GPIOQ1_IRQHandler               
00000e5b  GPIOQ2_IRQHandler               
00000e5b  GPIOQ3_IRQHandler               
00000e5b  GPIOQ4_IRQHandler               
00000e5b  GPIOQ5_IRQHandler               
00000e5b  GPIOQ6_IRQHandler               
00000e5b  GPIOQ7_IRQHandler               
00000e5b  HIBERNATE_IRQHandler            
00000e5b  HardFault_Handler               
00000e5b  I2C0_IRQHandler                 
00000e5b  I2C1_IRQHandler                 
00000e5b  I2C2_IRQHandler                 
00000e5b  I2C3_IRQHandler                 
00000e5b  I2C4_IRQHandler                 
00000e5b  I2C5_IRQHandler                 
00000e5b  I2C6_IRQHandler                 
00000e5b  I2C7_IRQHandler                 
00000e5b  I2C8_IRQHandler                 
00000e5b  I2C9_IRQHandler                 
00000e5b  MemManage_Handler               
00000e5b  NMI_Handler                     
00000e5b  PWM0_0_IRQHandler               
00000e5b  PWM0_1_IRQHandler               
00000e5b  PWM0_2_IRQHandler               
00000e5b  PWM0_3_IRQHandler               
00000e5b  PWM0_FAULT_IRQHandler           
00000e5b  PendSV_Handler                  
00000e5b  QEI0_IRQHandler                 
00000e5b  SHA0_IRQHandler                 
00000e5b  SSI0_IRQHandler                 
00000e5b  SSI1_IRQHandler                 
00000e5b  SSI2_IRQHandler                 
00000e5b  SSI3_IRQHandler                 
00000e5b  SVC_Handler                     
00000e5b  SYSCTL_IRQHandler               
00000e5b  SYSEXC_IRQHandler               
00000e5b  SysTick_Handler                 
00000e5b  TAMPER0_IRQHandler              
00000e5b  TIMER0A_IRQHandler              
00000e5b  TIMER0B_IRQHandler              
00000e5b  TIMER1A_IRQHandler              
00000e5b  TIMER1B_IRQHandler              
00000e5b  TIMER2A_IRQHandler              
00000e5b  TIMER2B_IRQHandler              
00000e5b  TIMER3A_IRQHandler              
00000e5b  TIMER3B_IRQHandler              
00000e5b  TIMER4A_IRQHandler              
00000e5b  TIMER4B_IRQHandler              
00000e5b  TIMER5A_IRQHandler              
00000e5b  TIMER5B_IRQHandler              
00000e5b  TIMER6A_IRQHandler              
00000e5b  TIMER6B_IRQHandler              
00000e5b  TIMER7A_IRQHandler              
00000e5b  TIMER7B_IRQHandler              
00000e5b  UART0_IRQHandler                
00000e5b  UART1_IRQHandler                
00000e5b  UART2_IRQHandler                
00000e5b  UART3_IRQHandler                
00000e5b  UART4_IRQHandler                
00000e5b  UART5_IRQHandler                
00000e5b  UART6_IRQHandler                
00000e5b  UART7_IRQHandler                
00000e5b  UDMAERR_IRQHandler              
00000e5b  UDMA_IRQHandler                 
00000e5b  USB0_IRQHandler                 
00000e5b  UsageFault_Handler              
00000e5b  WATCHDOG_IRQHandler             
00000e5d  arm_radix4_butterfly_q15        
00001313  __aeabi_idiv0                   
00001313  __aeabi_ldiv0                   
00001315  UARTvprintf                     
00001621  SysCtlClockFreqSet              
00001901  arm_sqrt_q15                    
00001ac1  __aeabi_dsub                    
00001acb  __aeabi_dadd                    
00001c79  arm_cfft_radix4by2_inverse_q15  
00001e09  arm_cfft_radix4by2_q15          
00001f99  __aeabi_dmul                    
00002095  ADCSequenceStepConfigure        
00002183  arm_cfft_q15                    
0000226b  arm_bitreversal_32              
000022d5  arm_bitreversal_16              
0000232b  __aeabi_memcpy                  
0000232b  __aeabi_memcpy4                 
0000232b  __aeabi_memcpy8                 
0000232b  memcpy                          
00002459  ADC0SS2_IRQHandler              
00002459  ADC0SS2_IRQHandler              
000024dd  __aeabi_memclr                  
000024dd  __aeabi_memclr4                 
000024dd  __aeabi_memclr8                 
000024df  __aeabi_memset                  
000024df  __aeabi_memset4                 
000024df  __aeabi_memset8                 
000024e5  memset                          
00002559  UARTStdioConfig                 
000025cd  arm_max_q15                     
00002639  ConfigureUART                   
000026a1  __TI_decompress_lzss            
00002709  TimerControlTrigger             
00002769  UARTwrite                       
000027c5  __aeabi_d2iz                    
00002851  __TI_auto_init_nobinit_nopinit  
00002895  arm_cmplx_mag_q15               
000028d9  __aeabi_uidiv                   
000028d9  __aeabi_uidivmod                
00002951  _c_int00_noargs                 
00002985  __aeabi_i2d                     
000029b5  sqrtf                           
000029dd  UARTprintf                      
00002a45  SystemInit                      
00002aff  ADCIntClearEx                   
00002b11  __TI_decompress_none            
00002b1f  Reset_Handler                   
00002b2b  __TI_zero_init                  
00002b39  __aeabi_errno_addr              
00002b41  _system_pre_init                
00002b45  C$$EXIT                         
00002b45  abort                           
00002b48  twiddleCoef_1024_q15            
00003748  armBitRevIndexTable_fixed_1024  
000040b8  twiddleCoef_64_q15              
00004178  armBitRevIndexTable_fixed_64    
00004254  arm_cfft_sR_q15_len1024         
00004264  arm_cfft_sR_q15_len64           
00004380  __TI_Handler_Table_Base         
0000438c  __TI_Handler_Table_Limit        
00004398  __TI_CINIT_Base                 
000043a8  __TI_CINIT_Limit                
20000000  __start___llvm_prf_cnts         
20000000  __stop___llvm_prf_cnts          
20002000  bbxOutput                       
20003000  fftOutput                       
20004000  pui8ControlTable                
20004400  dcBuff                          
20004404  rmsBuff                         
20004408  rmsCalculation                  
20004410  __stack                         
20004610  __STACK_END                     
20004610  __STACK_TOP                     
20004715  setBufAReady                    
20004716  setBufBReady                    
20004718  errno                           
2000471c  SystemCoreClock                 
ffffffff  __TI_pprof_out_hndl             
ffffffff  __TI_prof_data_size             
ffffffff  __TI_prof_data_start            
ffffffff  __binit__                       
ffffffff  __c_args__                      
ffffffff  binit                           
UNDEFED   __mpu_init                      
UNDEFED   _system_post_cinit              

[199 symbols]
